---
source: src/compiler.rs
expression: tokens
---
- Constant:
    Number: 10.23
- Negate
- Return
