---
source: src/compiler.rs
expression: tokens
---
- Constant:
    Number: 10
- Constant:
    Number: 10
- Greater
- Not
- Return
